Stage 5 Block B P1 100-cycle soak
SHA: 7af5dcc0df6878b9bf9cb7263770126a7f5ecc8f
Started UTC: 2026-09-26T17:50:35.2299957Z
Command: tools/RunStage5ProductHostLoopback.ps1 -Executable D:\Eigene Dateien\Eigene Dokumente\Playground\TAUREON-Synth-Tool-V4\.work\reconstruction-20260926\tests\integration\Debug\stage5_product_host_local.exe -Cycles 100
PowerShell: 7.6.5
OS: Microsoft Windows NT 10.0.26200.0
MIDI Console: 1.0.17-rc.4.25
---
PASS

Microsoft Windows MIDI Services Console
SDK Release Candidate 4 (GitHub Preview)
1.0.17-rc.4.25

Loopback endpoints created.

Unlike classic MIDI 1.0 loopbacks, these are fully MIDI 2.0-compatible 
bidirectional endpoints. Messages sent to Loopback A will be received by 
Loopback B. Messages sent by B will be received by A. MIDI 1.0 apps will see 4 
created ports (2 sources, 2 destinations) as a result.

These endpoints will disappear when the service or PC is restarted. To create 
permanent loopback endpoints, use the MIDI Settings app.

╭────────────────┬─────────────────────────────────────────────────────────────╮
│ Endpoint A     │ TAUREON S5 WMS A E4F9A7                                     │
│                │ \\?\swd#midisrv#midiu_loop_a_taureonstage56497f353a10a42e78 │
│                │ 6e019f16a027ef2#{e7cce071-3c03-423f-88d3-f1045d02552b}      │
│                │                                                             │
│ Endpoint B     │ TAUREON S5 WMS B E4F9A7                                     │
│                │ \\?\swd#midisrv#midiu_loop_b_taureonstage56497f353a10a42e78 │
│                │ 6e019f16a027ef2#{e7cce071-3c03-423f-88d3-f1045d02552b}      │
│                │                                                             │
│ Association Id │ 01212ca2-9339-4487-8c1c-9ebc105c170b                        │
╰────────────────┴─────────────────────────────────────────────────────────────╯

PASS
{"event":"stage5_gui_apartment","type":"main_sta","qualifier":0}
{"event":"stage5_product_host_handle_trend","backend":"wms","steady_slope":-0.0937335,"new_steady_high":false,"sustained_growth":false,"gate_applied":true,"handle_samples":[435,436,436,437,437,437,437,437,437,437,437,437,437,437,437,437,437,437,437,435,435,435,435,435,435,435,435,435,435,435,435,435,435,435,435,435,435,435,435,435,431,431,431,431,431,429,429,429,429,429,429,429,429,429,429,429,429,429,429,429,429,429,429,429,429,429,429,429,429,429,429,429,429,429,429,429,429,429,429,429,429,429,427,427,427,427,427,427,427,427,425,425,425,425,425,425,425,425,425,425]}
{"event":"stage5_product_host","backend":"wms","cycles":100,"receive_active_callbacks":1,"receive_active_delivered":1,"tx":1,"rx_callbacks":1,"dropped":0,"late":0,"queue_high_water":1,"max_shutdown_ms":53,"steady_handle_min":425,"steady_handle_max":429,"steady_handle_slope":-0.0937335,"handle_growth_gate_applied":true,"sustained_handle_growth":false}
PASS
{"event":"stage5_gui_apartment","type":"main_sta","qualifier":0}
{"event":"stage5_product_host_handle_trend","backend":"winmm","steady_slope":-0.0135414,"new_steady_high":false,"sustained_growth":false,"gate_applied":true,"handle_samples":[454,455,455,455,455,455,455,455,455,455,455,455,455,455,455,455,455,455,455,455,455,455,455,455,455,455,455,455,455,455,455,455,455,455,455,455,455,455,455,455,455,455,455,455,455,455,455,455,455,455,455,455,455,455,455,455,455,455,455,455,455,455,455,455,455,455,455,455,455,455,455,455,455,455,455,455,455,455,455,455,455,455,455,455,455,455,455,455,455,455,455,455,455,455,455,455,455,453,453,453]}
{"event":"stage5_product_host","backend":"winmm","cycles":100,"receive_active_callbacks":3,"receive_active_delivered":1,"tx":1,"rx_callbacks":1,"dropped":0,"late":0,"queue_high_water":2,"max_shutdown_ms":24,"steady_handle_min":453,"steady_handle_max":455,"steady_handle_slope":-0.0135414,"handle_growth_gate_applied":true,"sustained_handle_growth":false}
PASS

Microsoft Windows MIDI Services Console
SDK Release Candidate 4 (GitHub Preview)
1.0.17-rc.4.25

Loopback endpoint pair removed.

PASS
---
Finished UTC: 2026-09-26T17:53:47.5148861Z
Duration seconds: 192.285
Exit code: 0
